{"Name":"Microsoft.AspNet.Proxy","Type":"CSharpPackage","Repo":"github.com/aspnet/Proxy","Files":["src/Microsoft.AspNet.Proxy/ProxyExtension.cs","src/Microsoft.AspNet.Proxy/ProxyMiddleware.cs","src/Microsoft.AspNet.Proxy/ProxyOptions.cs"],"Dir":"src/Microsoft.AspNet.Proxy","Dependencies":[{"Identity":null,"Name":"Microsoft.AspNet.Http.Abstractions","Range":"Microsoft.AspNet.Http.Abstractions \u003e= 1.0.0-*"},{"Identity":null,"Name":"Microsoft.Framework.NotNullAttribute.Sources","Range":"Microsoft.Framework.NotNullAttribute.Sources \u003e= 1.0.0-*"}],"Ops":{"depresolve":null}}
